// Jest Snapshot v1, https://goo.gl/fbAQLP

exports[`snapshot 1`] = `
<header
  className="headerBoomerang"
>
  <img
    alt="arrow go back"
    data-testid="svg-icon"
    onClick={[Function]}
    src="back_arrow.svg"
    style={
      Object {
        "cursor": "pointer",
      }
    }
  />
  <h3>
    PÃ¡gina desconhecida
  </h3>
</header>
`;
